=== Thu Jul  9 10:59:37 KST 2026 앱 실행 시작 ===
desktop_app 경로: /Users/mom/food_recommend/desktop_app
사용할 python3: python3 (Python 3.9.6)
필요한 패키지 설치 확인 중 (playwright, python-dotenv, requests)...

Usage:   
  /Library/Developer/CommandLineTools/usr/bin/python3 -m pip install [options] <requirement specifier> [package-index-options] ...
  /Library/Developer/CommandLineTools/usr/bin/python3 -m pip install [options] -r <requirements file> [package-index-options] ...
  /Library/Developer/CommandLineTools/usr/bin/python3 -m pip install [options] [-e] <vcs project url> ...
  /Library/Developer/CommandLineTools/usr/bin/python3 -m pip install [options] [-e] <local project path> ...
  /Library/Developer/CommandLineTools/usr/bin/python3 -m pip install [options] <archive url/path> ...

no such option: --break-system-packages
Playwright용 Chromium 최초 설치 중 (몇 분 걸릴 수 있어요)...
/Library/Developer/CommandLineTools/usr/bin/python3: No module named playwright
button returned:확인
GUI 앱 실행...
=== Thu Jul  9 11:00:21 KST 2026 앱 실행 시작 ===
desktop_app 경로: /Users/mom/food_recommend/desktop_app
사용할 python3: python3 (Python 3.9.6)
필요한 패키지 설치 확인 중 (playwright, python-dotenv, requests)...

Usage:   
  /Library/Developer/CommandLineTools/usr/bin/python3 -m pip install [options] <requirement specifier> [package-index-options] ...
  /Library/Developer/CommandLineTools/usr/bin/python3 -m pip install [options] -r <requirements file> [package-index-options] ...
  /Library/Developer/CommandLineTools/usr/bin/python3 -m pip install [options] [-e] <vcs project url> ...
  /Library/Developer/CommandLineTools/usr/bin/python3 -m pip install [options] [-e] <local project path> ...
  /Library/Developer/CommandLineTools/usr/bin/python3 -m pip install [options] <archive url/path> ...

no such option: --break-system-packages
Playwright용 Chromium 최초 설치 중 (몇 분 걸릴 수 있어요)...
/Library/Developer/CommandLineTools/usr/bin/python3: No module named playwright
button returned:확인
GUI 앱 실행...
=== Thu Jul  9 11:10:41 KST 2026 앱 실행 시작 ===
desktop_app 경로: /Users/mom/food_recommend/desktop_app
playwright가 이미 설치된 python3 발견: /usr/local/bin/python3
사용할 python3: /usr/local/bin/python3 (Python 3.14.2)
button returned:확인
=== Thu Jul  9 11:13:45 KST 2026 앱 실행 시작 ===
desktop_app 경로: /Users/mom/food_recommend/desktop_app
playwright가 이미 설치된 python3 발견: /usr/local/bin/python3
사용할 python3: /usr/local/bin/python3 (Python 3.14.6)
필요한 패키지 설치 확인 중 (playwright, python-dotenv, requests)...
  WARNING: The script dotenv is installed in '/usr/local/bin' which is not on PATH.
  Consider adding this directory to PATH or, if you prefer to suppress this warning, use --no-warn-script-location.
  WARNING: The script idna is installed in '/usr/local/bin' which is not on PATH.
  Consider adding this directory to PATH or, if you prefer to suppress this warning, use --no-warn-script-location.
  WARNING: The script normalizer is installed in '/usr/local/bin' which is not on PATH.
  Consider adding this directory to PATH or, if you prefer to suppress this warning, use --no-warn-script-location.
GUI 앱 실행...
The process has forked and you cannot use this CoreFoundation functionality safely. You MUST exec().
=== Thu Jul  9 11:20:00 KST 2026 앱 실행 시작 ===
desktop_app 경로: /Users/mom/food_recommend/desktop_app
playwright가 이미 설치된 python3 발견: /usr/local/bin/python3
사용할 python3: /usr/local/bin/python3 (Python 3.14.6)
필요한 패키지 설치 확인 중 (playwright, python-dotenv, requests)...
GUI 앱 실행...
